// Jest Snapshot v1, https://goo.gl/fbAQLP

exports[`Unit Testing App component App Snapshot 1`] = `
<div
  className="card"
>
  <div
    className="name"
  >
     
  </div>
  <div
    className="text"
  >
     Balance
  </div>
  <div
    className="balance"
  >
    $
  </div>
  <div
    className="button"
  >
    <ButtonComponent />
  </div>
</div>
`;
